
> new-lab-specialized@1.0.0 build
> next build

  ظû▓ Next.js 14.2.35
  - Environments: .env.local
  - Experiments (use with caution):
    ┬╖ optimizeCss

   Creating an optimized production build ...
 ظ£ô Compiled successfully
   Linting and checking validity of types ...

./src/components/FloatingContactWidget.tsx
51:6  Warning: React Hook useEffect has a missing dependency: 'toggleWidget'. Either include it or remove the dependency array.  react-hooks/exhaustive-deps

./src/components/results/ResultsDashboard.tsx
165:6  Warning: React Hook useEffect has a missing dependency: 'patientData.tests'. Either include it or remove the dependency array.  react-hooks/exhaustive-deps

info  - Need to disable some ESLint rules? Learn more here: https://nextjs.org/docs/basic-features/eslint#disabling-rules
node.exe : Failed to 
compile.
At C:\Program Files\nod
ejs\npm.ps1:29 char:3
+   & $NODE_EXE 
$NPM_CLI_JS $args
+   ~~~~~~~~~~~~~~~~~~~
~~~~~~~~~~
    + CategoryInfo     
         : NotSpecifi  
  ed: (Failed to com   
 pile.:String) [],     
RemoteException
    + FullyQualifiedEr 
   rorId : NativeComm  
  andError
 

./src/app/page.tsx:31:1
5
Type error: Type '{ 
className: string; 
withNavbarPlaceholder: 
boolean; }' is not 
assignable to type 
'IntrinsicAttributes'.
  Property 'className' 
does not exist on type 
'IntrinsicAttributes'.

[0m [90m 29 |[39m   
      [33m<[39m[33mI
nteractiveBackground[3
9m [33m/[39m[33m>[3
9m[0m
[0m [90m 30 |[39m   
      [33m<[39m[33mN
avbar[39m language[33
m=[39m{language} onLan
guageChange[33m=[39m{
setLanguage} isRTL[33m
=[39m{isRTL} [33m/[3
9m[33m>[39m[0m
[0m[31m[1m>[22m[39
m[90m 31 |[39m       
  [33m<[39m[33mHero
[39m className[33m=[3
9m[32m"relative 
z-10"[39m withNavbarPl
aceholder[33m=[39m{[
36mfalse[39m} [33m/[
39m[33m>[39m[0m
[0m [90m    |[39m   
            [31m[1m^
[22m[39m[0m
[0m [90m 32 |[39m   
    [33m<[39m[33m/[
39m[33mdiv[39m[33m>
[39m[0m
[0m [90m 33 |[39m   
  [33m<[39m[33m/[39
m[33mThemeProvider[39
m[33m>[39m[0m
[0m [90m 34 |[39m   
)[33m;[39m[0m
Next.js build worker 
exited with code: 1 
and signal: null
